Copyright 1986-2022 Xilinx, Inc. All Rights Reserved. Copyright 2022-2025 Advanced Micro Devices, Inc. All Rights Reserved.
---------------------------------------------------------------------------------------------------------------------------------------------
| Tool Version : Vivado v.2025.1 (win64) Build 6140274 Thu May 22 00:12:29 MDT 2025
| Date         : Tue Apr 21 11:06:45 2026
| Host         : ASHAY running 64-bit major release  (build 9200)
| Command      : report_control_sets -verbose -file hft_top_control_sets_placed.rpt
| Design       : hft_top
| Device       : xc7a100t
---------------------------------------------------------------------------------------------------------------------------------------------

Control Set Information

Table of Contents
-----------------
1. Summary
2. Histogram
3. Flip-Flop Distribution
4. Detailed Control Set Information

1. Summary
----------

+----------------------------------------------------------+-------+
|                          Status                          | Count |
+----------------------------------------------------------+-------+
| Total control sets                                       |    50 |
|    Minimum number of control sets                        |    50 |
|    Addition due to synthesis replication                 |     0 |
|    Addition due to physical synthesis replication        |     0 |
| Unused register locations in slices containing registers |    99 |
+----------------------------------------------------------+-------+
* Control sets can be merged at opt_design using control_set_merge or merge_equivalent_drivers
** Run report_qor_suggestions for automated merging and remapping suggestions


2. Histogram
------------

+--------------------+-------+
|       Fanout       | Count |
+--------------------+-------+
| Total control sets |    50 |
| >= 0 to < 4        |     8 |
| >= 4 to < 6        |     1 |
| >= 6 to < 8        |     0 |
| >= 8 to < 10       |     6 |
| >= 10 to < 12      |     0 |
| >= 12 to < 14      |     0 |
| >= 14 to < 16      |     0 |
| >= 16              |    35 |
+--------------------+-------+
* Control sets can be remapped at either synth_design or opt_design


3. Flip-Flop Distribution
-------------------------

+--------------+-----------------------+------------------------+-----------------+--------------+
| Clock Enable | Synchronous Set/Reset | Asynchronous Set/Reset | Total Registers | Total Slices |
+--------------+-----------------------+------------------------+-----------------+--------------+
| No           | No                    | No                     |               0 |            0 |
| No           | No                    | Yes                    |              60 |           22 |
| No           | Yes                   | No                     |              45 |           15 |
| Yes          | No                    | No                     |               0 |            0 |
| Yes          | No                    | Yes                    |             652 |          266 |
| Yes          | Yes                   | No                     |              24 |           11 |
+--------------+-----------------------+------------------------+-----------------+--------------+


4. Detailed Control Set Information
-----------------------------------

+----------------+---------------------------------+------------------+------------------+----------------+--------------+
|  Clock Signal  |          Enable Signal          | Set/Reset Signal | Slice Load Count | Bel Load Count | Bels / Slice |
+----------------+---------------------------------+------------------+------------------+----------------+--------------+
|  clk_IBUF_BUFG | u_rx/rx_shift[5]                | u_book/rst       |                1 |              1 |         1.00 |
|  clk_IBUF_BUFG | u_rx/rx_shift[3]                | u_book/rst       |                1 |              1 |         1.00 |
|  clk_IBUF_BUFG | u_rx/rx_shift[2]                | u_book/rst       |                1 |              1 |         1.00 |
|  clk_IBUF_BUFG | u_rx/rx_shift[0]                | u_book/rst       |                1 |              1 |         1.00 |
|  clk_IBUF_BUFG | u_rx/rx_shift[1]                | u_book/rst       |                1 |              1 |         1.00 |
|  clk_IBUF_BUFG | u_rx/rx_shift[4]                | u_book/rst       |                1 |              1 |         1.00 |
|  clk_IBUF_BUFG | u_rx/rx_shift[6]                | u_book/rst       |                1 |              1 |         1.00 |
|  clk_IBUF_BUFG | u_rx/rx_shift[7]                | u_book/rst       |                1 |              1 |         1.00 |
|  clk_IBUF_BUFG | u_rx/rx_valid                   | u_book/rst       |                1 |              5 |         5.00 |
|  clk_IBUF_BUFG | u_tx/tx_shift                   | u_book/rst       |                2 |              8 |         4.00 |
|  clk_IBUF_BUFG | u_snap_tx/tx_start_i_1_n_0      | u_book/rst       |                5 |              8 |         1.60 |
|  clk_IBUF_BUFG | u_rx/rx_valid_reg_1[0]          | u_book/rst       |                1 |              8 |         8.00 |
|  clk_IBUF_BUFG | u_rx/rx_valid_i_1_n_0           | u_book/rst       |                1 |              8 |         8.00 |
|  clk_IBUF_BUFG | u_rx/rx_valid_reg_2[0]          | u_book/rst       |                2 |              8 |         4.00 |
|  clk_IBUF_BUFG | u_rx/rx_valid_reg_0[0]          | u_book/rst       |                1 |              8 |         8.00 |
|  clk_IBUF_BUFG | u_book/ask_qty[2][15]_i_1_n_0   | u_book/rst       |               10 |             16 |         1.60 |
|  clk_IBUF_BUFG | u_book/ask_qty[4][15]_i_1_n_0   | u_book/rst       |                9 |             16 |         1.78 |
|  clk_IBUF_BUFG | u_book/ask_qty[6][15]_i_1_n_0   | u_book/rst       |               12 |             16 |         1.33 |
|  clk_IBUF_BUFG | u_book/ask_qty[7][15]_i_1_n_0   | u_book/rst       |               10 |             16 |         1.60 |
|  clk_IBUF_BUFG | u_book/ask_valid39_out          | u_book/rst       |                5 |             16 |         3.20 |
|  clk_IBUF_BUFG | u_book/ask_valid14_out          | u_book/rst       |                6 |             16 |         2.67 |
|  clk_IBUF_BUFG | u_book/ask_valid19_out          | u_book/rst       |                4 |             16 |         4.00 |
|  clk_IBUF_BUFG | u_book/ask_valid29_out          | u_book/rst       |                5 |             16 |         3.20 |
|  clk_IBUF_BUFG | u_book/ask_valid34_out          | u_book/rst       |                5 |             16 |         3.20 |
|  clk_IBUF_BUFG | u_book/bid_qty[0][15]_i_1_n_0   | u_book/rst       |                8 |             16 |         2.00 |
|  clk_IBUF_BUFG | u_book/ask_qty[5][15]_i_1_n_0   | u_book/rst       |               12 |             16 |         1.33 |
|  clk_IBUF_BUFG | u_book/bid_qty[7][15]_i_1_n_0   | u_book/rst       |               14 |             16 |         1.14 |
|  clk_IBUF_BUFG | u_book/bid_valid77_out          | u_book/rst       |                7 |             16 |         2.29 |
|  clk_IBUF_BUFG | u_book/bid_valid82_out          | u_book/rst       |                6 |             16 |         2.67 |
|  clk_IBUF_BUFG | u_book/bid_valid57_out          | u_book/rst       |                5 |             16 |         3.20 |
|  clk_IBUF_BUFG | u_book/bid_valid62_out          | u_book/rst       |                4 |             16 |         4.00 |
|  clk_IBUF_BUFG | u_book/bid_valid72_out          | u_book/rst       |                5 |             16 |         3.20 |
|  clk_IBUF_BUFG | u_book/bid_valid52_out          | u_book/rst       |                4 |             16 |         4.00 |
|  clk_IBUF_BUFG | u_book/bid_qty[5][15]_i_1_n_0   | u_book/rst       |                8 |             16 |         2.00 |
|  clk_IBUF_BUFG | u_book/bid_qty[1][15]_i_1_n_0   | u_book/rst       |                9 |             16 |         1.78 |
|  clk_IBUF_BUFG | u_book/bid_qty[2][15]_i_1_n_0   | u_book/rst       |               10 |             16 |         1.60 |
|  clk_IBUF_BUFG | u_book/bid_qty[3][15]_i_1_n_0   | u_book/rst       |                7 |             16 |         2.29 |
|  clk_IBUF_BUFG | u_book/ask_valid9_out           | u_book/rst       |                6 |             16 |         2.67 |
|  clk_IBUF_BUFG | u_book/bid_qty[4][15]_i_1_n_0   | u_book/rst       |               11 |             16 |         1.45 |
|  clk_IBUF_BUFG | u_book/bid_qty[6][15]_i_1_n_0   | u_book/rst       |                9 |             16 |         1.78 |
|  clk_IBUF_BUFG | u_book/ask_qty[0][15]_i_1_n_0   | u_book/rst       |                7 |             16 |         2.29 |
|  clk_IBUF_BUFG | u_book/ask_qty[1][15]_i_1_n_0   | u_book/rst       |                9 |             16 |         1.78 |
|  clk_IBUF_BUFG | u_book/ask_qty[3][15]_i_1_n_0   | u_book/rst       |                9 |             16 |         1.78 |
|  clk_IBUF_BUFG | u_book/bid_price                | u_book/rst       |                3 |             17 |         5.67 |
|  clk_IBUF_BUFG | u_book/bid_valid67_out          | u_book/rst       |                6 |             17 |         2.83 |
|  clk_IBUF_BUFG | u_book/ask_price                | u_book/rst       |                5 |             17 |         3.40 |
|  clk_IBUF_BUFG | u_book/ask_price[4][15]_i_1_n_0 | u_book/rst       |                5 |             17 |         3.40 |
|  clk_IBUF_BUFG | u_rx/E[0]                       | u_book/rst       |                8 |             35 |         4.38 |
|  clk_IBUF_BUFG | u_snap_tx/payload               | u_book/rst       |               13 |             64 |         4.92 |
|  clk_IBUF_BUFG |                                 | u_book/rst       |               37 |            105 |         2.84 |
+----------------+---------------------------------+------------------+------------------+----------------+--------------+


